WARNING: A restricted method in java.lang.System has been called
WARNING: java.lang.System::load has been called by net.rubygrapefruit.platform.internal.NativeLibraryLoader in an unnamed module (file:/C:/Users/ireddragonicy/.gradle/wrapper/dists/gradle-9.2.1-bin/2t0n5ozlw9xmuyvbp7dnzaxug/gradle-9.2.1/lib/native-platform-0.22-milestone-29.jar)
WARNING: Use --enable-native-access=ALL-UNNAMED to avoid a warning for callers in this module
WARNING: Restricted methods will be blocked in a future release unless native access is enabled

Reusing configuration cache.
> Task :app:checkKotlinGradlePluginConfigurationErrors SKIPPED
> Task :app:preBuild UP-TO-DATE
> Task :app:preDebugBuild UP-TO-DATE
> Task :app:generateDebugBuildConfig UP-TO-DATE
> Task :app:createDebugCompatibleScreenManifests UP-TO-DATE
> Task :app:extractDeepLinksDebug UP-TO-DATE
> Task :app:checkDebugAarMetadata UP-TO-DATE
> Task :app:processDebugMainManifest UP-TO-DATE
> Task :app:processDebugManifest UP-TO-DATE
> Task :app:processDebugManifestForPackage UP-TO-DATE
> Task :app:mapDebugSourceSetPaths
> Task :app:generateDebugResources
> Task :app:packageDebugResources
> Task :app:parseDebugLocalResources
> Task :app:mergeDebugResources
> Task :app:processDebugResources

> Task :app:compileDebugKotlin
w: file:///D:/Project/hsrgraphicdroid/app/src/main/java/com/ireddragonicy/hsrgraphicdroid/ui/theme/Theme.kt:101:20 'var statusBarColor: Int' is deprecated. Deprecated in Java.
w: file:///D:/Project/hsrgraphicdroid/app/src/main/java/com/ireddragonicy/hsrgraphicdroid/ui/theme/Theme.kt:102:20 'var navigationBarColor: Int' is deprecated. Deprecated in Java.
w: file:///D:/Project/hsrgraphicdroid/app/src/main/java/com/ireddragonicy/hsrgraphicdroid/ui/viewmodel/MainViewModel.kt:209:116 'field versionCode: Int' is deprecated. Deprecated in Java.

BUILD SUCCESSFUL in 6s
14 actionable tasks: 7 executed, 7 up-to-date
Configuration cache entry reused.
